{"validFrom": "20160415232158", "certificate": "-----BEGIN CERTIFICATE-----\nMIIDwzCCAqugAwIBAgICEAAwDQYJKoZIhvcNAQEFBQAwSDELMAkGA1UEBhMCVVMx\nFDASBgNVBAoMC2xvY2FsZG9tYWluMSMwIQYDVQQDDBpncGFkZ2V0dC5sb2NhbGRv\nbWFpbi4zNjc2MTAeFw0xNTEyMDMyMTQxMTZaFw0yNTEyMDEyMTQxMTZaMEgxCzAJ\nBgNVBAYTAlVTMRQwEgYDVQQKDAtsb2NhbGRvbWFpbjEjMCEGA1UEAwwaZ3BhZGdl\ndHQubG9jYWxkb21haW4uMzY3NjEwggEiMA0GCSqGSIb3DQEBAQUAA4IBDwAwggEK\nAoIBAQCpUyAuZaH7BUaMAnYACa49KocOT2QZTSu8jLFv5I3ADWJQFewObRGy2Hx9\nTuw/5GwcKuyeFOsqE9r6l0g2yNZPytUfdaT3diQyoLsosrioqZhfnSKV5AfoSixn\nqirJ0A2VSjnFHjsexuDY2q9eNCMdrwrTPQzPGPVlo8mYsonTA8eeyu09JAc6uBsw\nG/cKl4kb91L7U0GAiMmtWxA6xBcS/L11ftqqgo9S6dTh0LcnVCFPAPIpmqIbtD58\n0l7StLUzmj4SEW2sjNmQkmj7O/TRiEqZX67T86HfF2wEaTWqBYuELImn9aJ0scA6\nm17L/UKDJp6hGB8OyRyyaS3PPLqFAgMBAAGjgbYwgbMwHQYDVR0OBBYEFLHxHvuD\n7ncaPZNkc7ZlGLaouFD0MHEGA1UdIwRqMGiAFLHxHvuD7ncaPZNkc7ZlGLaouFD0\noUykSjBIMQswCQYDVQQGEwJVUzEUMBIGA1UECgwLbG9jYWxkb21haW4xIzAhBgNV\nBAMMGmdwYWRnZXR0LmxvY2FsZG9tYWluLjM2NzYxggIQADAPBgNVHRMBAf8EBTAD\nAQH/MA4GA1UdDwEB/wQEAwIBBjANBgkqhkiG9w0BAQUFAAOCAQEAU4zOFj3Pdsu9\nBEKt+EumvnsVD01W1Ynz4vC8Kp0xBCAIBFcEiOWfCgIIrImtqDyS4RLmovc8T4aD\nkindYlIoF0Z6Me+kZ8f7uHW8Oh2BtTzp1cHfyQDWWL5OiULoyQd6/KJoxMnIRJlg\n9z1MMbNyApwjKQ7+UbtrmJV/LWowUonXhlsPkfPiAXI4LSyuxM9VkCY9qBhl4QO+\nmVMNuoJtKtyzbrxWlf/EYcDynR9y6B4iHVVTc6NGdu6+3vYwkLmVcmy/anXSZY4C\nKX4FrApD+yXePRcwawY64KSoAiMJ8Mpw0CHsvmGNzMFerNow201pSJjFpwjt8xgt\n8eKksgtQKQ==\n-----END CERTIFICATE-----\n", "salt": "o45+Nl2pMoM=", "validTo": "20460408232158", "signature": "LIFeBeRUh5IpBLQ64wVc+/iv7kwRnHJ5nOp/g1ZFGIEO/GWJZ2a5GumOYRtrr5WWPzX87qRhcvUw+ylYjibI725dpBlDu+cc9QQM9c1hw09xqMlB59JENRl9fLAWS4AXw5lSvmQ1LzSe87FOnC5myEM2DlJX0OD/i4rvYnZPIAIDrwNqNV3IC53WDtLu/a0FIR4i8IiYsPwMo3jxHmIm11dLpSOfYLFMFSfv9hOeMxLpDDu2T2pDI4hbyAfFjYoFxXV/i3eVLTheoXbdVC4LP0/Cj5RWpoqjDLxgh8ynAwbeZ1qWe2OV4etcbHBvabyhaLodr0yGLKK0jbfQ9Mbc6Q==", "signedFields": "data,validTo,validFrom,salt,digest", "data": "{\"transfer-ticket\": \"f6fe1b31-1c90-4dc3-a4b9-7b02938c8b41\", \"iat\": 1452291246, \"exp\": 2452291246, \"imaged-uri\": \"https://localhost:54322\", \"nbf\": 1452291246}\n", "digest": "sha1"}